Microchip MPLAB XC8 Compiler V1.45 ()

Linker command line:

-W-3 --edf=/Applications/microchip/xc8/v1.45/dat/en_msgs.txt -cs \
  -h+dist/default/production/decaSwitch_V2.X.production.sym \
  --cmf=dist/default/production/decaSwitch_V2.X.production.cmf -z -Q18F4550 \
  -o/tmp/xcKk9dl7J -Mdist/default/production/decaSwitch_V2.X.production.map \
  -E1 -ver=XC8 --acfsm=1493 -ASTACK=01C8h-07ffh -pstack=STACK \
  -ACODE=00h-07FFFh -ACONST=00h-07FFFh -ASMALLCONST=0800h-08FFhx120 \
  -AMEDIUMCONST=0800h-07FFFh -ACOMRAM=01h-05Fh -AABS1=00h-07FFh \
  -ABIGRAM=01h-07FFh -ARAM=060h-0FFh,0100h-01FFhx7 -ABANK0=060h-0FFh \
  -ABANK1=0100h-01FFh -ABANK2=0200h-02FFh -ABANK3=0300h-03FFh \
  -ABANK4=0400h-04FFh -ABANK5=0500h-05FFh -ABANK6=0600h-06FFh \
  -ABANK7=0700h-07FFh -ASFR=0F60h-0FFFh \
  -preset_vec=00h,intcode,intcodelo,powerup,init -pramtop=0800h \
  -psmallconst=SMALLCONST -pmediumconst=MEDIUMCONST -pconst=CONST \
  -AFARRAM=00h-00h -ACONFIG=0300000h-030000Dh -pconfig=CONFIG \
  -AIDLOC=0200000h-0200007h -pidloc=IDLOC -AEEDATA=0F00000h-0F000FFh \
  -peeprom_data=EEDATA \
  -prdata=COMRAM,nvrram=COMRAM,nvbit=COMRAM,rbss=COMRAM,rbit=COMRAM \
  -pfarbss=FARRAM,fardata=FARRAM,nvFARRAM=FARRAM \
  -pintsave_regs=BIGRAM,bigbss=BIGRAM,bigdata=BIGRAM -pbss=RAM \
  -pidata=CODE,irdata=CODE,ibigdata=CODE,ifardata=CODE -prparam=COMRAM \
  /tmp/xcHrWb41e.obj dist/default/production/decaSwitch_V2.X.production.obj 

Object code version is 3.11

Machine type is 18F4550

Call graph: (short form)




                Name                               Link     Load   Length Selector   Space Scale
/tmp/xcHrWb41e.obj
                init                                  0        0        4        0       0
                idloc                            200000   200000        8   200000       0
                config                           300000   300000        E   300000       0
dist/default/production/decaSwitch_V2.X.production.obj
                text5                              7DFA     7DFA       12     3EFD       0
                text4                              7DF4     7DF4        6     3EFA       0
                text3                              7E42     7E42       5E     3F21       0
                text2                              7EA0     7EA0       60     3F50       0
                text1                              7F7A     7F7A       86     3FBD       0
                text0                              7F00     7F00       7A     3F80       0
                cstackCOMRAM                          A        A        8        1       1
                bssBANK1                            100      100       C8      100       1
                dataCOMRAM                           12       12        2        1       1
                bssCOMRAM                             1        1        9        1       1
                cinit                              7E0C     7E0C       36     3F06       0
                idataCOMRAM                        7DF2     7DF2        2     7DF2       0

TOTAL           Name                               Link     Load   Length     Space
        CLASS   STACK          

        CLASS   CODE           
                init                                  0        0        4         0
                text5                              7DFA     7DFA       12         0
                text4                              7DF4     7DF4        6         0
                text3                              7E42     7E42       5E         0
                text2                              7EA0     7EA0       60         0
                text1                              7F7A     7F7A       86         0
                text0                              7F00     7F00       7A         0
                cinit                              7E0C     7E0C       36         0
                idataCOMRAM                        7DF2     7DF2        2         0

        CLASS   CONST          

        CLASS   SMALLCONST     

        CLASS   MEDIUMCONST    

        CLASS   COMRAM         
                cstackCOMRAM                          A        A        8         1
                dataCOMRAM                           12       12        2         1
                bssCOMRAM                             1        1        9         1

        CLASS   ABS1           

        CLASS   BIGRAM         

        CLASS   RAM            

        CLASS   BANK0          

        CLASS   BANK1          
                bssBANK1                            100      100       C8         1

        CLASS   BANK2          

        CLASS   BANK3          

        CLASS   BANK4          

        CLASS   BANK5          

        CLASS   BANK6          

        CLASS   BANK7          

        CLASS   SFR            

        CLASS   FARRAM         

        CLASS   CONFIG         
                config                           300000   300000        E         0

        CLASS   IDLOC          
                idloc                            200000   200000        8         0

        CLASS   EEDATA         



SEGMENTS        Name                           Load    Length   Top    Selector   Space  Class

                reset_vec                      000000  000004  000004         0       0  CODE    
                bssCOMRAM                      000001  000013  000014         1       1  COMRAM  
                bssBANK1                       000100  0000C8  0001C8       100       1  BANK1   
                idataCOMRAM                    007DF2  000002  007DF4      7DF2       0  CODE    
                text4                          007DF4  000006  007DFA      3EFA       0  CODE    
                text5                          007DFA  000012  007E0C      3EFD       0  CODE    
                cinit                          007E0C  000036  007E42      3F06       0  CODE    
                text3                          007E42  00005E  007EA0      3F21       0  CODE    
                text2                          007EA0  000060  007F00      3F50       0  CODE    
                text0                          007F00  00007A  007F7A      3F80       0  CODE    
                text1                          007F7A  000086  008000      3FBD       0  CODE    
                idloc                          200000  000008  200008    200000       0  IDLOC   
                config                         300000  00000E  30000E    300000       0  CONFIG  


UNUSED ADDRESS RANGES

        Name                Unused          Largest block    Delta
        BANK0            000060-0000FF               A0
        BANK1            0001C8-0001FF               38
        BANK2            000200-0002FF              100
        BANK3            000300-0003FF              100
        BANK4            000400-0004FF              100
        BANK5            000500-0005FF              100
        BANK6            000600-0006FF              100
        BANK7            000700-0007FF              100
        BIGRAM           000014-0000FF               EC
                         0001C8-0007FF              638
        CODE             000004-007DF1             7DEE
        COMRAM           000014-00005F               4C
        CONST            000004-007DF1             7DEE
        EEDATA           F00000-F000FF              100
        MEDIUMCONST      000800-007DF1             75F2
        RAM              000060-0000FF               A0
                         0001C8-0007FF              100
        SFR              000F60-000FFF               A0
        SMALLCONST       000800-007DF1              100
        STACK            0001C8-0007FF              638

                                  Symbol Table

OpenADC@config           cstackCOMRAM 00000E
OpenADC@config2          cstackCOMRAM 00000A
OpenADC@portconfig       cstackCOMRAM 00000B
OpenUSART@config         cstackCOMRAM 00000C
OpenUSART@spbrg          cstackCOMRAM 00000A
WriteUSART@data          cstackCOMRAM 00000A
_ADCON0                  (abs)        000FC2
_ADCON0bits              (abs)        000FC2
_ADCON1                  (abs)        000FC1
_ADCON2                  (abs)        000FC0
_BAUDCONbits             (abs)        000FB8
_CloseADC                text4        007DF4
_INTCONbits              (abs)        000FF2
_LATB                    (abs)        000F8A
_LATBbits                (abs)        000F8A
_LATD                    (abs)        000F8C
_LATDbits                (abs)        000F8C
_LATE                    (abs)        000F8D
_LATEbits                (abs)        000F8D
_OpenADC                 text3        007E42
_OpenUSART               text2        007EA0
_PIE1bits                (abs)        000F9D
_PIR1bits                (abs)        000F9E
_PORTAbits               (abs)        000F80
_PORTBbits               (abs)        000F81
_PORTCbits               (abs)        000F82
_RCSTA                   (abs)        000FAB
_RCSTAbits               (abs)        000FAB
_SPBRG                   (abs)        000FAF
_SPBRGH                  (abs)        000FB0
_TRISA                   (abs)        000F92
_TRISB                   (abs)        000F93
_TRISC                   (abs)        000F94
_TRISCbits               (abs)        000F94
_TRISD                   (abs)        000F95
_TRISE                   (abs)        000F96
_TXREG                   (abs)        000FAD
_TXSTA                   (abs)        000FAC
_TXSTAbits               (abs)        000FAC
_USART_Status            bssCOMRAM    000009
_WriteUSART              text5        007DFA
__CFG_BOR$ON             (abs)        000000
__CFG_BORV$3             (abs)        000000
__CFG_CCP2MX$ON          (abs)        000000
__CFG_CP0$OFF            (abs)        000000
__CFG_CP1$OFF            (abs)        000000
__CFG_CP2$OFF            (abs)        000000
__CFG_CP3$OFF            (abs)        000000
__CFG_CPB$OFF            (abs)        000000
__CFG_CPD$OFF            (abs)        000000
__CFG_CPUDIV$OSC1_PLL2   (abs)        000000
__CFG_EBTR0$OFF          (abs)        000000
__CFG_EBTR1$OFF          (abs)        000000
__CFG_EBTR2$OFF          (abs)        000000
__CFG_EBTR3$OFF          (abs)        000000
__CFG_EBTRB$OFF          (abs)        000000
__CFG_FCMEN$OFF          (abs)        000000
__CFG_FOSC$HS            (abs)        000000
__CFG_ICPRT$OFF          (abs)        000000
__CFG_IESO$OFF           (abs)        000000
__CFG_LPT1OSC$OFF        (abs)        000000
__CFG_LVP$ON             (abs)        000000
__CFG_MCLRE$ON           (abs)        000000
__CFG_PBADEN$ON          (abs)        000000
__CFG_PLLDIV$5           (abs)        000000
__CFG_PWRT$OFF           (abs)        000000
__CFG_STVREN$ON          (abs)        000000
__CFG_USBDIV$1           (abs)        000000
__CFG_VREGEN$OFF         (abs)        000000
__CFG_WDT$OFF            (abs)        000000
__CFG_WDTPS$32768        (abs)        000000
__CFG_WRT0$OFF           (abs)        000000
__CFG_WRT1$OFF           (abs)        000000
__CFG_WRT2$OFF           (abs)        000000
__CFG_WRT3$OFF           (abs)        000000
__CFG_WRTB$OFF           (abs)        000000
__CFG_WRTC$OFF           (abs)        000000
__CFG_WRTD$OFF           (abs)        000000
__CFG_XINST$OFF          (abs)        000000
__HRAM                   (abs)        000000
__Habs1                  abs1         000000
__Hbank0                 bank0        000000
__Hbank1                 bank1        000000
__Hbank2                 bank2        000000
__Hbank3                 bank3        000000
__Hbank4                 bank4        000000
__Hbank5                 bank5        000000
__Hbank6                 bank6        000000
__Hbank7                 bank7        000000
__Hbigbss                bigbss       000000
__Hbigdata               bigdata      000000
__Hbigram                bigram       000000
__Hbss                   bss          000000
__HbssBANK1              bssBANK1     000000
__HbssCOMRAM             bssCOMRAM    000000
__Hcinit                 cinit        000000
__Hclrtext               clrtext      000000
__Hcomram                comram       000000
__Hconfig                config       30000E
__Hconst                 const        000000
__HcstackCOMRAM          cstackCOMRAM 000000
__Hdata                  data         000000
__HdataCOMRAM            dataCOMRAM   000000
__Heeprom_data           eeprom_data  000000
__Hfarbss                farbss       000000
__Hfardata               fardata      000000
__Hibigdata              ibigdata     000000
__Hidata                 idata        000000
__HidataCOMRAM           idataCOMRAM  000000
__Hidloc                 idloc        200008
__Hifardata              ifardata     000000
__Hinit                  init         000004
__Hintcode               intcode      000000
__Hintcode_body          intcode_body 000000
__Hintcodelo             intcodelo    000000
__Hintentry              intentry     000000
__Hintret                intret       000000
__Hintsave_regs          intsave_regs 000000
__Hirdata                irdata       000000
__Hmediumconst           mediumconst  000000
__HnvFARRAM              nvFARRAM     000000
__Hnvbit                 nvbit        000000
__Hnvrram                nvrram       000000
__Hparam                 rparam       000000
__Hpowerup               powerup      000000
__Hram                   ram          000000
__Hramtop                ramtop       000800
__Hrbit                  rbit         000000
__Hrbss                  rbss         000000
__Hrdata                 rdata        000000
__Hreset_vec             reset_vec    000000
__Hrparam                rparam       000000
__Hsfr                   sfr          000000
__Hsmallconst            smallconst   000000
__Hspace_0               (abs)        30000E
__Hspace_1               (abs)        0001C8
__Hspace_2               (abs)        000000
__Hstack                 stack        000000
__Hstruct                struct       000000
__Htemp                  temp         000000
__Htext                  text         000000
__Htext0                 text0        000000
__Htext1                 text1        000000
__Htext2                 text2        000000
__Htext3                 text3        000000
__Htext4                 text4        000000
__Htext5                 text5        000000
__LRAM                   (abs)        000001
__Labs1                  abs1         000000
__Lbank0                 bank0        000000
__Lbank1                 bank1        000000
__Lbank2                 bank2        000000
__Lbank3                 bank3        000000
__Lbank4                 bank4        000000
__Lbank5                 bank5        000000
__Lbank6                 bank6        000000
__Lbank7                 bank7        000000
__Lbigbss                bigbss       000000
__Lbigdata               bigdata      000000
__Lbigram                bigram       000000
__Lbss                   bss          000000
__LbssBANK1              bssBANK1     000000
__LbssCOMRAM             bssCOMRAM    000000
__Lcinit                 cinit        000000
__Lclrtext               clrtext      000000
__Lcomram                comram       000000
__Lconfig                config       300000
__Lconst                 const        000000
__LcstackCOMRAM          cstackCOMRAM 000000
__Ldata                  data         000000
__LdataCOMRAM            dataCOMRAM   000000
__Leeprom_data           eeprom_data  000000
__Lfarbss                farbss       000000
__Lfardata               fardata      000000
__Libigdata              ibigdata     000000
__Lidata                 idata        000000
__LidataCOMRAM           idataCOMRAM  000000
__Lidloc                 idloc        200000
__Lifardata              ifardata     000000
__Linit                  init         000000
__Lintcode               intcode      000000
__Lintcode_body          intcode_body 000000
__Lintcodelo             intcodelo    000000
__Lintentry              intentry     000000
__Lintret                intret       000000
__Lintsave_regs          intsave_regs 000000
__Lirdata                irdata       000000
__Lmediumconst           mediumconst  000000
__LnvFARRAM              nvFARRAM     000000
__Lnvbit                 nvbit        000000
__Lnvrram                nvrram       000000
__Lparam                 rparam       000000
__Lpowerup               powerup      000000
__Lram                   ram          000000
__Lramtop                ramtop       000800
__Lrbit                  rbit         000000
__Lrbss                  rbss         000000
__Lrdata                 rdata        000000
__Lreset_vec             reset_vec    000000
__Lrparam                rparam       000000
__Lsfr                   sfr          000000
__Lsmallconst            smallconst   000000
__Lspace_0               (abs)        000000
__Lspace_1               (abs)        000000
__Lspace_2               (abs)        000000
__Lstack                 stack        000000
__Lstruct                struct       000000
__Ltemp                  temp         000000
__Ltext                  text         000000
__Ltext0                 text0        000000
__Ltext1                 text1        000000
__Ltext2                 text2        000000
__Ltext3                 text3        000000
__Ltext4                 text4        000000
__Ltext5                 text5        000000
__S0                     (abs)        30000E
__S1                     (abs)        0001C8
__S2                     (abs)        000000
___inthi_sp              stack        000000
___intlo_sp              stack        000000
___param_bank            (abs)        000000
___rparam_used           (abs)        000001
___sp                    stack        000000
__accesstop              (abs)        000060
__activetblptr           (abs)        000000
__end_of_CloseADC        text4        007DFA
__end_of_OpenADC         text3        007EA0
__end_of_OpenUSART       text2        007F00
__end_of_WriteUSART      text5        007E0C
__end_of__initialization cinit        007E3C
__end_of_main            text0        007F7A
__end_of_systemInit      text1        008000
__initialization         cinit        007E0C
__mediumconst            mediumconst  000000
__pbssBANK1              bssBANK1     000100
__pbssCOMRAM             bssCOMRAM    000001
__pcinit                 cinit        007E0C
__pcstackCOMRAM          cstackCOMRAM 00000A
__pdataCOMRAM            dataCOMRAM   000012
__pidataCOMRAM           idataCOMRAM  007DF2
__ptext0                 text0        007F00
__ptext1                 text1        007F7A
__ptext2                 text2        007EA0
__ptext3                 text3        007E42
__ptext4                 text4        007DF4
__ptext5                 text5        007DFA
__ramtop                 ramtop       000800
__size_of_CloseADC       (abs)        000000
__size_of_OpenADC        (abs)        000000
__size_of_OpenUSART      (abs)        000000
__size_of_WriteUSART     (abs)        000000
__size_of_main           (abs)        000000
__size_of_systemInit     (abs)        000000
__smallconst             smallconst   000000
_auxconfig               bssCOMRAM    000001
_config                  bssCOMRAM    000007
_i                       dataCOMRAM   000012
_main                    text0        007F00
_presets                 bssBANK1     000100
_systemInit              text1        007F7A
_var                     bssCOMRAM    000005
_var1                    bssCOMRAM    000003
end_of_initialization    cinit        007E3C
intlevel0                text         000000
intlevel1                text         000000
intlevel2                text         000000
intlevel3                text         000000
stackhi                  (abs)        0007FF
stacklo                  (abs)        0001C8
start                    init         000000
start_initialization     cinit        007E0C


FUNCTION INFORMATION:

 *************** function _main *****************
 Defined at:
		line 10 in file "main.c"
 Parameters:    Size  Location     Type
		None
 Auto vars:     Size  Location     Type
		None
 Return value:  Size  Location     Type
                  1    wreg      void 
 Registers used:
		wreg, status,2, status,0, cstack
 Tracked objects:
		On entry : 
		On exit  : 
		Unchanged: 
 Data sizes:     COMRAM   BANK0   BANK1   BANK2   BANK3   BANK4   BANK5   BANK6   BANK7
      Params:         0       0       0       0       0       0       0       0       0
      Locals:         0       0       0       0       0       0       0       0       0
      Temps:          2       0       0       0       0       0       0       0       0
      Totals:         2       0       0       0       0       0       0       0       0
Total ram usage:        2 bytes
 Hardware stack levels required when called:    2
 This function calls:
		_WriteUSART
		_systemInit
 This function is called by:
		Startup code after reset
 This function uses a non-reentrant model


 *************** function _systemInit *****************
 Defined at:
		line 83 in file "hcm.c"
 Parameters:    Size  Location     Type
		None
 Auto vars:     Size  Location     Type
		None
 Return value:  Size  Location     Type
                  1    wreg      void 
 Registers used:
		wreg, status,2, status,0, cstack
 Tracked objects:
		On entry : 
		On exit  : 
		Unchanged: 
 Data sizes:     COMRAM   BANK0   BANK1   BANK2   BANK3   BANK4   BANK5   BANK6   BANK7
      Params:         0       0       0       0       0       0       0       0       0
      Locals:         0       0       0       0       0       0       0       0       0
      Temps:          1       0       0       0       0       0       0       0       0
      Totals:         1       0       0       0       0       0       0       0       0
Total ram usage:        1 bytes
 Hardware stack levels used:    1
 Hardware stack levels required when called:    1
 This function calls:
		_CloseADC
		_OpenADC
		_OpenUSART
 This function is called by:
		_main
 This function uses a non-reentrant model


 *************** function _OpenUSART *****************
 Defined at:
		line 73 in file "/Applications/microchip/xc8/v1.45/sources/pic18/plib/USART/uopen.c"
 Parameters:    Size  Location     Type
  config          1    wreg     unsigned char 
  spbrg           2    0[COMRAM] unsigned int 
 Auto vars:     Size  Location     Type
  config          1    2[COMRAM] unsigned char 
 Return value:  Size  Location     Type
                  1    wreg      void 
 Registers used:
		wreg, status,2
 Tracked objects:
		On entry : 
		On exit  : 
		Unchanged: 
 Data sizes:     COMRAM   BANK0   BANK1   BANK2   BANK3   BANK4   BANK5   BANK6   BANK7
      Params:         2       0       0       0       0       0       0       0       0
      Locals:         1       0       0       0       0       0       0       0       0
      Temps:          0       0       0       0       0       0       0       0       0
      Totals:         3       0       0       0       0       0       0       0       0
Total ram usage:        3 bytes
 Hardware stack levels used:    1
 This function calls:
		Nothing
 This function is called by:
		_systemInit
 This function uses a non-reentrant model


 *************** function _OpenADC *****************
 Defined at:
		line 68 in file "/Applications/microchip/xc8/v1.45/sources/pic18/plib/ADC/adcopen.c"
 Parameters:    Size  Location     Type
  config          1    wreg     unsigned char 
  config2         1    0[COMRAM] unsigned char 
  portconfig      1    1[COMRAM] unsigned char 
 Auto vars:     Size  Location     Type
  config          1    4[COMRAM] unsigned char 
 Return value:  Size  Location     Type
                  1    wreg      void 
 Registers used:
		wreg, status,2, status,0
 Tracked objects:
		On entry : 
		On exit  : 
		Unchanged: 
 Data sizes:     COMRAM   BANK0   BANK1   BANK2   BANK3   BANK4   BANK5   BANK6   BANK7
      Params:         2       0       0       0       0       0       0       0       0
      Locals:         1       0       0       0       0       0       0       0       0
      Temps:          2       0       0       0       0       0       0       0       0
      Totals:         5       0       0       0       0       0       0       0       0
Total ram usage:        5 bytes
 Hardware stack levels used:    1
 This function calls:
		Nothing
 This function is called by:
		_systemInit
 This function uses a non-reentrant model


 *************** function _CloseADC *****************
 Defined at:
		line 23 in file "/Applications/microchip/xc8/v1.45/sources/pic18/plib/ADC/adcclose.c"
 Parameters:    Size  Location     Type
		None
 Auto vars:     Size  Location     Type
		None
 Return value:  Size  Location     Type
                  1    wreg      void 
 Registers used:
		None
 Tracked objects:
		On entry : 
		On exit  : 
		Unchanged: 
 Data sizes:     COMRAM   BANK0   BANK1   BANK2   BANK3   BANK4   BANK5   BANK6   BANK7
      Params:         0       0       0       0       0       0       0       0       0
      Locals:         0       0       0       0       0       0       0       0       0
      Temps:          0       0       0       0       0       0       0       0       0
      Totals:         0       0       0       0       0       0       0       0       0
Total ram usage:        0 bytes
 Hardware stack levels used:    1
 This function calls:
		Nothing
 This function is called by:
		_systemInit
 This function uses a non-reentrant model


 *************** function _WriteUSART *****************
 Defined at:
		line 13 in file "/Applications/microchip/xc8/v1.45/sources/pic18/plib/USART/uwrite.c"
 Parameters:    Size  Location     Type
  data            1    wreg     unsigned char 
 Auto vars:     Size  Location     Type
  data            1    0[COMRAM] unsigned char 
 Return value:  Size  Location     Type
                  1    wreg      void 
 Registers used:
		wreg
 Tracked objects:
		On entry : 
		On exit  : 
		Unchanged: 
 Data sizes:     COMRAM   BANK0   BANK1   BANK2   BANK3   BANK4   BANK5   BANK6   BANK7
      Params:         0       0       0       0       0       0       0       0       0
      Locals:         1       0       0       0       0       0       0       0       0
      Temps:          0       0       0       0       0       0       0       0       0
      Totals:         1       0       0       0       0       0       0       0       0
Total ram usage:        1 bytes
 Hardware stack levels used:    1
 This function calls:
		Nothing
 This function is called by:
		_main
 This function uses a non-reentrant model



MODULE INFORMATION

Module		Function		Class		Link	Load	Size
/Applications/microchip/xc8/v1.45/sources/pic18/plib/ADC/adcopen.c
		_OpenADC       		CODE           	7E42	0000	95

/Applications/microchip/xc8/v1.45/sources/pic18/plib/ADC/adcopen.c estimated size: 95

/Applications/microchip/xc8/v1.45/sources/pic18/plib/ADC/adcclose.c
		_CloseADC      		CODE           	7DF4	0000	7

/Applications/microchip/xc8/v1.45/sources/pic18/plib/ADC/adcclose.c estimated size: 7

/Applications/microchip/xc8/v1.45/sources/pic18/plib/USART/uopen.c
		_OpenUSART     		CODE           	7EA0	0000	97

/Applications/microchip/xc8/v1.45/sources/pic18/plib/USART/uopen.c estimated size: 97

hcm.c
		_systemInit    		CODE           	7F7A	0000	135

hcm.c estimated size: 135

shared
		__initialization		CODE           	7E0C	0000	49

shared estimated size: 49

/Applications/microchip/xc8/v1.45/sources/pic18/plib/USART/uwrite.c
		_WriteUSART    		CODE           	7DFA	0000	19

/Applications/microchip/xc8/v1.45/sources/pic18/plib/USART/uwrite.c estimated size: 19

main.c
		_main          		CODE           	7F00	0000	123

main.c estimated size: 123

