Microchip MPLAB XC8 Compiler V1.35 ()

Linker command line:

--edf=C:\Program Files\Microchip\xc8\v1.35\dat\en_msgs.txt -cs \
  -h+dist/default/production\EX04_EEPROM.X.production.sym \
  --cmf=dist/default/production\EX04_EEPROM.X.production.cmf -z -Q18F45K22 \
  -oC:\Users\MICROG~1\AppData\Local\Temp\s5cs.2 \
  -Mdist/default/production/EX04_EEPROM.X.production.map -E1 -ver=XC8 \
  -ASTACK=0A5h-05ffh -pstack=STACK -ACODE=00h-07FFFh -ACONST=00h-07FFFh \
  -ASMALLCONST=0600h-06FFhx122 -AMEDIUMCONST=0600h-07FFFh -ACOMRAM=01h-05Fh \
  -AABS1=00h-05FFh -ABIGRAM=01h-05FFh -ARAM=060h-0FFh,0100h-01FFhx5 \
  -ABANK0=060h-0FFh -ABANK1=0100h-01FFh -ABANK2=0200h-02FFh \
  -ABANK3=0300h-03FFh -ABANK4=0400h-04FFh -ABANK5=0500h-05FFh \
  -ASFR=0F38h-0F5Fh,0F60h-0FFFh \
  -preset_vec=00h,intcode,intcodelo,powerup,init,end_init -pramtop=0600h \
  -psmallconst=SMALLCONST -pmediumconst=MEDIUMCONST -pconst=CONST \
  -AFARRAM=00h-00h -ACONFIG=0300000h-030000Dh -pconfig=CONFIG \
  -AIDLOC=0200000h-0200007h -pidloc=IDLOC -AEEDATA=0F00000h-0F000FFh \
  -peeprom_data=EEDATA \
  -prdata=COMRAM,nvrram=COMRAM,nvbit=COMRAM,rbss=COMRAM,rbit=COMRAM \
  -pfarbss=FARRAM,fardata=FARRAM,nvFARRAM=FARRAM \
  -pintsave_regs=BIGRAM,bigbss=BIGRAM,bigdata=BIGRAM -pbss=RAM \
  -pidata=CODE,irdata=CODE,ibigdata=CODE,ifardata=CODE -prparam=COMRAM \
  C:\Users\MICROG~1\AppData\Local\Temp\s5cs.obj \
  dist/default/production\EX04_EEPROM.X.production.obj 

Object code version is 3.11

Machine type is 18F45K22

Call graph: (short form)




                Name                               Link     Load   Length Selector   Space Scale
C:\Users\MICROG~1\AppData\Local\Temp\s5cs.obj
                end_init                              0        0        4        0       0
                idloc                            200000   200000        8   200000       0
                config                           300000   300000        E   300000       0
dist/default/production\EX04_EEPROM.X.production.obj
                text8                              7DF0     7DF0       12     3EF8       0
                text7                              7E52     7E52       34     3F29       0
                text6                              7F6C     7F6C       94     3FB6       0
                text5                              7E86     7E86       6A     3F43       0
                text4                              7DE4     7DE4        C     3EF2       0
                text3                              7E20     7E20       32     3F10       0
                text2                              7DD2     7DD2        8     3EE9       0
                text1                              7E02     7E02       1E     3F01       0
                text0                              7EF0     7EF0       7C     3F78       0
                cstackCOMRAM                          1        1       1D        1       1
                cstackBANK0                          60       60       44       60       1
                bssBANK0                             A4       A4        1       60       1
                cinit                              7DDA     7DDA        A     3EED       0

TOTAL           Name                               Link     Load   Length     Space
        CLASS   STACK          

        CLASS   CODE           
                end_init                              0        0        4         0
                text8                              7DF0     7DF0       12         0
                text7                              7E52     7E52       34         0
                text6                              7F6C     7F6C       94         0
                text5                              7E86     7E86       6A         0
                text4                              7DE4     7DE4        C         0
                text3                              7E20     7E20       32         0
                text2                              7DD2     7DD2        8         0
                text1                              7E02     7E02       1E         0
                text0                              7EF0     7EF0       7C         0
                cinit                              7DDA     7DDA        A         0

        CLASS   CONST          

        CLASS   SMALLCONST     

        CLASS   MEDIUMCONST    

        CLASS   COMRAM         
                cstackCOMRAM                          1        1       1D         1

        CLASS   ABS1           

        CLASS   BIGRAM         

        CLASS   RAM            

        CLASS   BANK0          
                cstackBANK0                          60       60       44         1
                bssBANK0                             A4       A4        1         1

        CLASS   BANK1          

        CLASS   BANK2          

        CLASS   BANK3          

        CLASS   BANK4          

        CLASS   BANK5          

        CLASS   SFR            

        CLASS   FARRAM         

        CLASS   CONFIG         
                config                           300000   300000        E         0

        CLASS   IDLOC          
                idloc                            200000   200000        8         0

        CLASS   EEDATA         



SEGMENTS        Name                           Load    Length   Top    Selector   Space  Class

                reset_vec                      000000  000004  000004         0       0  CODE    
                cstackCOMRAM                   000001  00001D  00001E         1       1  COMRAM  
                cstackBANK0                    000060  000045  0000A5        60       1  BANK0   
                text2                          007DD2  000008  007DDA      3EE9       0  CODE    
                cinit                          007DDA  00000A  007DE4      3EED       0  CODE    
                text4                          007DE4  00000C  007DF0      3EF2       0  CODE    
                text8                          007DF0  000012  007E02      3EF8       0  CODE    
                text1                          007E02  00001E  007E20      3F01       0  CODE    
                text3                          007E20  000032  007E52      3F10       0  CODE    
                text7                          007E52  000034  007E86      3F29       0  CODE    
                text5                          007E86  00006A  007EF0      3F43       0  CODE    
                text0                          007EF0  00007C  007F6C      3F78       0  CODE    
                text6                          007F6C  000094  008000      3FB6       0  CODE    
                idloc                          200000  000008  200008    200000       0  IDLOC   
                config                         300000  00000E  30000E    300000       0  CONFIG  


UNUSED ADDRESS RANGES

        Name                Unused          Largest block    Delta
        BANK0            0000A5-0000FF               5B
        BANK1            000100-0001FF              100
        BANK2            000200-0002FF              100
        BANK3            000300-0003FF              100
        BANK4            000400-0004FF              100
        BANK5            000500-0005FF              100
        BIGRAM           00001E-00005F               42
                         0000A5-0005FF              55B
        CODE             000004-007DD1             7DCE
        COMRAM           00001E-00005F               42
        CONST            000004-007DD1             7DCE
        EEDATA           F00000-F000FF              100
        MEDIUMCONST      000600-007DD1             77D2
        RAM              0000A5-0005FF              100
        SFR              000F38-000FFF               28
        SMALLCONST       000600-007DD1              100
        STACK            0000A5-0005FF              55B

                                  Symbol Table

FLASH_EraseBlock@GIEBitValue     cstackCOMRAM 000005
FLASH_EraseBlock@baseAddr        cstackCOMRAM 000001
FLASH_ReadByte@flashAddr         cstackCOMRAM 000001
FLASH_WriteBlock@GIEBitValue     cstackCOMRAM 00000F
FLASH_WriteBlock@blockStartAddr  cstackCOMRAM 00000B
FLASH_WriteBlock@flashWrBufPtr   cstackCOMRAM 00000A
FLASH_WriteBlock@i               cstackCOMRAM 000010
FLASH_WriteBlock@writeAddr       cstackCOMRAM 000006
FLASH_WriteByte@blockStartAddr   cstackCOMRAM 000018
FLASH_WriteByte@byte             cstackCOMRAM 000016
FLASH_WriteByte@flashAddr        cstackCOMRAM 000011
FLASH_WriteByte@flashRdBufPtr    cstackCOMRAM 000015
FLASH_WriteByte@i                cstackCOMRAM 00001C
FLASH_WriteByte@offset           cstackCOMRAM 000017
_ANSELA                          (abs)        000F38
_ANSELB                          (abs)        000F39
_ANSELC                          (abs)        000F3A
_ANSELD                          (abs)        000F3B
_ANSELE                          (abs)        000F3C
_EECON1bits                      (abs)        000FA6
_EECON2                          (abs)        000FA7
_FLASH_EraseBlock                text7        007E52
_FLASH_ReadByte                  text8        007DF0
_FLASH_WriteBlock                text6        007F6C
_FLASH_WriteByte                 text5        007E86
_INTCON2bits                     (abs)        000FF1
_INTCONbits                      (abs)        000FF2
_LATA                            (abs)        000F89
_LATB                            (abs)        000F8A
_LATC                            (abs)        000F8B
_LATD                            (abs)        000F8C
_LATD0                           (abs)        007C60
_LATE                            (abs)        000F8D
_OSCCON                          (abs)        000FD3
_OSCCON2                         (abs)        000FD2
_OSCILLATOR_Initialize           text4        007DE4
_OSCTUNE                         (abs)        000F9B
_PIN_MANAGER_Initialize          text3        007E20
_PORTBbits                       (abs)        000F81
_PORTDbits                       (abs)        000F83
_SYSTEM_Initialize               text2        007DD2
_TABLAT                          (abs)        000FF5
_TBLPTRH                         (abs)        000FF7
_TBLPTRL                         (abs)        000FF6
_TBLPTRU                         (abs)        000FF8
_TRISA                           (abs)        000F92
_TRISB                           (abs)        000F93
_TRISC                           (abs)        000F94
_TRISD                           (abs)        000F95
_TRISE                           (abs)        000F96
_WPUB                            (abs)        000F61
__CFG_BOREN$SBORDIS              (abs)        000000
__CFG_BORV$190                   (abs)        000000
__CFG_CCP2MX$PORTC1              (abs)        000000
__CFG_CCP3MX$PORTB5              (abs)        000000
__CFG_CP0$OFF                    (abs)        000000
__CFG_CP1$OFF                    (abs)        000000
__CFG_CP2$OFF                    (abs)        000000
__CFG_CP3$OFF                    (abs)        000000
__CFG_CPB$OFF                    (abs)        000000
__CFG_CPD$OFF                    (abs)        000000
__CFG_DEBUG$OFF                  (abs)        000000
__CFG_EBTR0$OFF                  (abs)        000000
__CFG_EBTR1$OFF                  (abs)        000000
__CFG_EBTR2$OFF                  (abs)        000000
__CFG_EBTR3$OFF                  (abs)        000000
__CFG_EBTRB$OFF                  (abs)        000000
__CFG_FCMEN$OFF                  (abs)        000000
__CFG_FOSC$HSMP                  (abs)        000000
__CFG_HFOFST$ON                  (abs)        000000
__CFG_IESO$OFF                   (abs)        000000
__CFG_LVP$OFF                    (abs)        000000
__CFG_MCLRE$EXTMCLR              (abs)        000000
__CFG_P2BMX$PORTD2               (abs)        000000
__CFG_PBADEN$OFF                 (abs)        000000
__CFG_PLLCFG$OFF                 (abs)        000000
__CFG_PRICLKEN$OFF               (abs)        000000
__CFG_PWRTEN$OFF                 (abs)        000000
__CFG_STVREN$ON                  (abs)        000000
__CFG_T3CMX$PORTC0               (abs)        000000
__CFG_WDTEN$OFF                  (abs)        000000
__CFG_WDTPS$32768                (abs)        000000
__CFG_WRT0$OFF                   (abs)        000000
__CFG_WRT1$OFF                   (abs)        000000
__CFG_WRT2$OFF                   (abs)        000000
__CFG_WRT3$OFF                   (abs)        000000
__CFG_WRTB$OFF                   (abs)        000000
__CFG_WRTC$OFF                   (abs)        000000
__CFG_WRTD$OFF                   (abs)        000000
__CFG_XINST$OFF                  (abs)        000000
__HRAM                           (abs)        000000
__Habs1                          abs1         000000
__Hbank0                         bank0        000000
__Hbank1                         bank1        000000
__Hbank2                         bank2        000000
__Hbank3                         bank3        000000
__Hbank4                         bank4        000000
__Hbank5                         bank5        000000
__Hbigbss                        bigbss       000000
__Hbigdata                       bigdata      000000
__Hbigram                        bigram       000000
__Hbss                           bss          000000
__HbssBANK0                      bssBANK0     000000
__Hcinit                         cinit        000000
__Hclrtext                       clrtext      000000
__Hcomram                        comram       000000
__Hconfig                        config       30000E
__Hconst                         const        000000
__HcstackBANK0                   cstackBANK0  000000
__HcstackCOMRAM                  cstackCOMRAM 000000
__Hdata                          data         000000
__Heeprom_data                   eeprom_data  000000
__Hend_init                      end_init     000004
__Hfarbss                        farbss       000000
__Hfardata                       fardata      000000
__Hibigdata                      ibigdata     000000
__Hidata                         idata        000000
__Hidloc                         idloc        200008
__Hifardata                      ifardata     000000
__Hinit                          init         000000
__Hintcode                       intcode      000000
__Hintcode_body                  intcode_body 000000
__Hintcodelo                     intcodelo    000000
__Hintentry                      intentry     000000
__Hintret                        intret       000000
__Hintsave_regs                  intsave_regs 000000
__Hirdata                        irdata       000000
__Hmediumconst                   mediumconst  000000
__HnvFARRAM                      nvFARRAM     000000
__Hnvbit                         nvbit        000000
__Hnvrram                        nvrram       000000
__Hparam                         rparam       000000
__Hpowerup                       powerup      000000
__Hram                           ram          000000
__Hramtop                        ramtop       000600
__Hrbit                          rbit         000000
__Hrbss                          rbss         000000
__Hrdata                         rdata        000000
__Hreset_vec                     reset_vec    000000
__Hrparam                        rparam       000000
__Hsfr                           sfr          000000
__Hsmallconst                    smallconst   000000
__Hspace_0                       (abs)        30000E
__Hspace_1                       (abs)        0000A5
__Hspace_2                       (abs)        000000
__Hstack                         stack        000000
__Hstruct                        struct       000000
__Htemp                          temp         000000
__Htext                          text         000000
__Htext0                         text0        000000
__Htext1                         text1        000000
__Htext2                         text2        000000
__Htext3                         text3        000000
__Htext4                         text4        000000
__Htext5                         text5        000000
__Htext6                         text6        000000
__Htext7                         text7        000000
__Htext8                         text8        000000
__LRAM                           (abs)        000001
__Labs1                          abs1         000000
__Lbank0                         bank0        000000
__Lbank1                         bank1        000000
__Lbank2                         bank2        000000
__Lbank3                         bank3        000000
__Lbank4                         bank4        000000
__Lbank5                         bank5        000000
__Lbigbss                        bigbss       000000
__Lbigdata                       bigdata      000000
__Lbigram                        bigram       000000
__Lbss                           bss          000000
__LbssBANK0                      bssBANK0     000000
__Lcinit                         cinit        000000
__Lclrtext                       clrtext      000000
__Lcomram                        comram       000000
__Lconfig                        config       300000
__Lconst                         const        000000
__LcstackBANK0                   cstackBANK0  000000
__LcstackCOMRAM                  cstackCOMRAM 000000
__Ldata                          data         000000
__Leeprom_data                   eeprom_data  000000
__Lend_init                      end_init     000000
__Lfarbss                        farbss       000000
__Lfardata                       fardata      000000
__Libigdata                      ibigdata     000000
__Lidata                         idata        000000
__Lidloc                         idloc        200000
__Lifardata                      ifardata     000000
__Linit                          init         000000
__Lintcode                       intcode      000000
__Lintcode_body                  intcode_body 000000
__Lintcodelo                     intcodelo    000000
__Lintentry                      intentry     000000
__Lintret                        intret       000000
__Lintsave_regs                  intsave_regs 000000
__Lirdata                        irdata       000000
__Lmediumconst                   mediumconst  000000
__LnvFARRAM                      nvFARRAM     000000
__Lnvbit                         nvbit        000000
__Lnvrram                        nvrram       000000
__Lparam                         rparam       000000
__Lpowerup                       powerup      000000
__Lram                           ram          000000
__Lramtop                        ramtop       000600
__Lrbit                          rbit         000000
__Lrbss                          rbss         000000
__Lrdata                         rdata        000000
__Lreset_vec                     reset_vec    000000
__Lrparam                        rparam       000000
__Lsfr                           sfr          000000
__Lsmallconst                    smallconst   000000
__Lspace_0                       (abs)        000000
__Lspace_1                       (abs)        000000
__Lspace_2                       (abs)        000000
__Lstack                         stack        000000
__Lstruct                        struct       000000
__Ltemp                          temp         000000
__Ltext                          text         000000
__Ltext0                         text0        000000
__Ltext1                         text1        000000
__Ltext2                         text2        000000
__Ltext3                         text3        000000
__Ltext4                         text4        000000
__Ltext5                         text5        000000
__Ltext6                         text6        000000
__Ltext7                         text7        000000
__Ltext8                         text8        000000
__S0                             (abs)        30000E
__S1                             (abs)        0000A5
__S2                             (abs)        000000
___inthi_sp                      stack        000000
___intlo_sp                      stack        000000
___param_bank                    (abs)        000010
___rparam_used                   (abs)        000001
___sp                            stack        000000
__accesstop                      (abs)        000060
__activetblptr                   (abs)        000000
__end_of_FLASH_EraseBlock        text7        007E86
__end_of_FLASH_ReadByte          text8        007E02
__end_of_FLASH_WriteBlock        text6        008000
__end_of_FLASH_WriteByte         text5        007EF0
__end_of_OSCILLATOR_Initialize   text4        007DF0
__end_of_PIN_MANAGER_Initialize  text3        007E52
__end_of_SYSTEM_Initialize       text2        007DDA
__end_of__initialization         cinit        007DDE
__end_of_delayMs                 text1        007E20
__end_of_main                    text0        007F6C
__initialization                 cinit        007DDA
__mediumconst                    mediumconst  000000
__pbssBANK0                      bssBANK0     0000A4
__pcinit                         cinit        007DDA
__pcstackBANK0                   cstackBANK0  000060
__pcstackCOMRAM                  cstackCOMRAM 000001
__ptext0                         text0        007EF0
__ptext1                         text1        007E02
__ptext2                         text2        007DD2
__ptext3                         text3        007E20
__ptext4                         text4        007DE4
__ptext5                         text5        007E86
__ptext6                         text6        007F6C
__ptext7                         text7        007E52
__ptext8                         text8        007DF0
__ramtop                         ramtop       000600
__size_of_FLASH_EraseBlock       (abs)        000000
__size_of_FLASH_ReadByte         (abs)        000000
__size_of_FLASH_WriteBlock       (abs)        000000
__size_of_FLASH_WriteByte        (abs)        000000
__size_of_OSCILLATOR_Initialize  (abs)        000000
__size_of_PIN_MANAGER_Initialize (abs)        000000
__size_of_SYSTEM_Initialize      (abs)        000000
__size_of_delayMs                (abs)        000000
__size_of_main                   (abs)        000000
__smallconst                     smallconst   000000
_delayMs                         text1        007E02
_flag                            bssBANK0     0000A4
_main                            text0        007EF0
delayMs@i                        cstackCOMRAM 000003
delayMs@time                     cstackCOMRAM 000002
end_of_initialization            cinit        007DDE
intlevel0                        text         000000
intlevel1                        text         000000
intlevel2                        text         000000
intlevel3                        text         000000
main@Buf                         cstackBANK0  000060
main@flashAddr                   cstackBANK0  0000A0
stackhi                          (abs)        0005FF
stacklo                          (abs)        0000A5
start                            init         000000
start_initialization             cinit        007DDA


FUNCTION INFORMATION:

 *************** function _main *****************
 Defined at:
		line 55 in file "main.c"
 Parameters:    Size  Location     Type
		None
 Auto vars:     Size  Location     Type
  Buf            64    0[BANK0 ] unsigned char [64]
  flashAddr       4   64[BANK0 ] unsigned long 
  writeData       1    0        unsigned char 
 Return value:  Size  Location     Type
		None               void
 Registers used:
		wreg, fsr2l, fsr2h, status,2, status,0, cstack
 Tracked objects:
		On entry : 
		On exit  : 
		Unchanged: 
 Data sizes:     COMRAM   BANK0   BANK1   BANK2   BANK3   BANK4   BANK5
      Params:         0       0       0       0       0       0       0
      Locals:         0      68       0       0       0       0       0
      Temps:          1       0       0       0       0       0       0
      Totals:         1      68       0       0       0       0       0
Total ram usage:       69 bytes
 Hardware stack levels required when called:    3
 This function calls:
		_FLASH_ReadByte
		_FLASH_WriteByte
		_SYSTEM_Initialize
		_delayMs
 This function is called by:
		Startup code after reset
 This function uses a non-reentrant model


 *************** function _delayMs *****************
 Defined at:
		line 122 in file "main.c"
 Parameters:    Size  Location     Type
  time            1    wreg     unsigned char 
 Auto vars:     Size  Location     Type
  time            1    1[COMRAM] unsigned char 
  i               1    2[COMRAM] unsigned char 
 Return value:  Size  Location     Type
		None               void
 Registers used:
		wreg, status,2, status,0
 Tracked objects:
		On entry : 
		On exit  : 
		Unchanged: 
 Data sizes:     COMRAM   BANK0   BANK1   BANK2   BANK3   BANK4   BANK5
      Params:         0       0       0       0       0       0       0
      Locals:         2       0       0       0       0       0       0
      Temps:          1       0       0       0       0       0       0
      Totals:         3       0       0       0       0       0       0
Total ram usage:        3 bytes
 Hardware stack levels used:    1
 This function calls:
		Nothing
 This function is called by:
		_main
 This function uses a non-reentrant model


 *************** function _SYSTEM_Initialize *****************
 Defined at:
		line 112 in file "mcc_generated_files/mcc.c"
 Parameters:    Size  Location     Type
		None
 Auto vars:     Size  Location     Type
		None
 Return value:  Size  Location     Type
		None               void
 Registers used:
		wreg, status,2, cstack
 Tracked objects:
		On entry : 
		On exit  : 
		Unchanged: 
 Data sizes:     COMRAM   BANK0   BANK1   BANK2   BANK3   BANK4   BANK5
      Params:         0       0       0       0       0       0       0
      Locals:         0       0       0       0       0       0       0
      Temps:          0       0       0       0       0       0       0
      Totals:         0       0       0       0       0       0       0
Total ram usage:        0 bytes
 Hardware stack levels used:    1
 Hardware stack levels required when called:    1
 This function calls:
		_OSCILLATOR_Initialize
		_PIN_MANAGER_Initialize
 This function is called by:
		_main
 This function uses a non-reentrant model


 *************** function _PIN_MANAGER_Initialize *****************
 Defined at:
		line 50 in file "mcc_generated_files/pin_manager.c"
 Parameters:    Size  Location     Type
		None
 Auto vars:     Size  Location     Type
		None
 Return value:  Size  Location     Type
		None               void
 Registers used:
		wreg, status,2
 Tracked objects:
		On entry : 
		On exit  : 
		Unchanged: 
 Data sizes:     COMRAM   BANK0   BANK1   BANK2   BANK3   BANK4   BANK5
      Params:         0       0       0       0       0       0       0
      Locals:         0       0       0       0       0       0       0
      Temps:          0       0       0       0       0       0       0
      Totals:         0       0       0       0       0       0       0
Total ram usage:        0 bytes
 Hardware stack levels used:    1
 This function calls:
		Nothing
 This function is called by:
		_SYSTEM_Initialize
 This function uses a non-reentrant model


 *************** function _OSCILLATOR_Initialize *****************
 Defined at:
		line 117 in file "mcc_generated_files/mcc.c"
 Parameters:    Size  Location     Type
		None
 Auto vars:     Size  Location     Type
		None
 Return value:  Size  Location     Type
		None               void
 Registers used:
		wreg, status,2
 Tracked objects:
		On entry : 
		On exit  : 
		Unchanged: 
 Data sizes:     COMRAM   BANK0   BANK1   BANK2   BANK3   BANK4   BANK5
      Params:         0       0       0       0       0       0       0
      Locals:         0       0       0       0       0       0       0
      Temps:          0       0       0       0       0       0       0
      Totals:         0       0       0       0       0       0       0
Total ram usage:        0 bytes
 Hardware stack levels used:    1
 This function calls:
		Nothing
 This function is called by:
		_SYSTEM_Initialize
 This function uses a non-reentrant model


 *************** function _FLASH_WriteByte *****************
 Defined at:
		line 72 in file "mcc_generated_files/memory.c"
 Parameters:    Size  Location     Type
  flashAddr       4   16[COMRAM] unsigned long 
  flashRdBufPt    1   20[COMRAM] PTR unsigned char 
		 -> main@Buf(64), 
  byte            1   21[COMRAM] unsigned char 
 Auto vars:     Size  Location     Type
  blockStartAd    4   23[COMRAM] unsigned long 
  i               1   27[COMRAM] unsigned char 
  offset          1   22[COMRAM] unsigned char 
 Return value:  Size  Location     Type
		None               void
 Registers used:
		wreg, fsr2l, fsr2h, status,2, status,0, cstack
 Tracked objects:
		On entry : 
		On exit  : 
		Unchanged: 
 Data sizes:     COMRAM   BANK0   BANK1   BANK2   BANK3   BANK4   BANK5
      Params:         6       0       0       0       0       0       0
      Locals:         6       0       0       0       0       0       0
      Temps:          0       0       0       0       0       0       0
      Totals:        12       0       0       0       0       0       0
Total ram usage:       12 bytes
 Hardware stack levels used:    1
 Hardware stack levels required when called:    2
 This function calls:
		_FLASH_ReadByte
		_FLASH_WriteBlock
 This function is called by:
		_main
 This function uses a non-reentrant model


 *************** function _FLASH_WriteBlock *****************
 Defined at:
		line 89 in file "mcc_generated_files/memory.c"
 Parameters:    Size  Location     Type
  writeAddr       4    5[COMRAM] unsigned long 
  flashWrBufPt    1    9[COMRAM] PTR unsigned char 
		 -> main@Buf(64), 
 Auto vars:     Size  Location     Type
  blockStartAd    4   10[COMRAM] unsigned long 
  i               1   15[COMRAM] unsigned char 
  GIEBitValue     1   14[COMRAM] unsigned char 
 Return value:  Size  Location     Type
                  1    wreg      char 
 Registers used:
		wreg, fsr2l, fsr2h, status,2, status,0, cstack
 Tracked objects:
		On entry : 
		On exit  : 
		Unchanged: 
 Data sizes:     COMRAM   BANK0   BANK1   BANK2   BANK3   BANK4   BANK5
      Params:         5       0       0       0       0       0       0
      Locals:         6       0       0       0       0       0       0
      Temps:          0       0       0       0       0       0       0
      Totals:        11       0       0       0       0       0       0
Total ram usage:       11 bytes
 Hardware stack levels used:    1
 Hardware stack levels required when called:    1
 This function calls:
		_FLASH_EraseBlock
 This function is called by:
		_FLASH_WriteByte
 This function uses a non-reentrant model


 *************** function _FLASH_EraseBlock *****************
 Defined at:
		line 132 in file "mcc_generated_files/memory.c"
 Parameters:    Size  Location     Type
  baseAddr        4    0[COMRAM] unsigned long 
 Auto vars:     Size  Location     Type
  GIEBitValue     1    4[COMRAM] unsigned char 
 Return value:  Size  Location     Type
		None               void
 Registers used:
		wreg, status,2
 Tracked objects:
		On entry : 
		On exit  : 
		Unchanged: 
 Data sizes:     COMRAM   BANK0   BANK1   BANK2   BANK3   BANK4   BANK5
      Params:         4       0       0       0       0       0       0
      Locals:         1       0       0       0       0       0       0
      Temps:          0       0       0       0       0       0       0
      Totals:         5       0       0       0       0       0       0
Total ram usage:        5 bytes
 Hardware stack levels used:    1
 This function calls:
		Nothing
 This function is called by:
		_FLASH_WriteBlock
 This function uses a non-reentrant model


 *************** function _FLASH_ReadByte *****************
 Defined at:
		line 58 in file "mcc_generated_files/memory.c"
 Parameters:    Size  Location     Type
  flashAddr       4    0[COMRAM] unsigned long 
 Auto vars:     Size  Location     Type
		None
 Return value:  Size  Location     Type
                  1    wreg      unsigned char 
 Registers used:
		wreg, status,2
 Tracked objects:
		On entry : 
		On exit  : 
		Unchanged: 
 Data sizes:     COMRAM   BANK0   BANK1   BANK2   BANK3   BANK4   BANK5
      Params:         4       0       0       0       0       0       0
      Locals:         0       0       0       0       0       0       0
      Temps:          0       0       0       0       0       0       0
      Totals:         4       0       0       0       0       0       0
Total ram usage:        4 bytes
 Hardware stack levels used:    1
 This function calls:
		Nothing
 This function is called by:
		_main
		_FLASH_WriteByte
 This function uses a non-reentrant model



MODULE INFORMATION

Module		Function		Class		Link	Load	Size
mcc_generated_files/pin_manager.c
		_PIN_MANAGER_Initialize		CODE           	7E20	0000	51

mcc_generated_files/pin_manager.c estimated size: 51

shared
		__initialization		CODE           	7DDA	0000	5

shared estimated size: 5

mcc_generated_files/mcc.c
		_OSCILLATOR_Initialize		CODE           	7DE4	0000	13
		_SYSTEM_Initialize		CODE           	7DD2	0000	9

mcc_generated_files/mcc.c estimated size: 22

mcc_generated_files/memory.c
		_FLASH_EraseBlock		CODE           	7E52	0000	53
		_FLASH_ReadByte		CODE           	7DF0	0000	19
		_FLASH_WriteBlock		CODE           	7F6C	0000	149
		_FLASH_WriteByte		CODE           	7E86	0000	107

mcc_generated_files/memory.c estimated size: 328

main.c
		_main          		CODE           	7EF0	0000	125
		_delayMs       		CODE           	7E02	0000	31

main.c estimated size: 156

